// 同步 ID: 82b371d2 @ Mon Jul 20 06:18:11 UTC 2026
// 同步 ID: 482b03b0 @ Mon Jul 20 15:56:49 UTC 2026
// 重构日志: 8535fbc5
// 重构日志: f0d7589d
// 重构日志: 01c42598
// 重构日志: 4d93ffe7
// 重构日志: 95a2817b
// 同步 ID: e8d0de5a @ Thu Jul 23 01:48:51 UTC 2026
// 重构日志: 2030c218
// 重构日志: 2aa045f4
// 重构日志: 9d66d942
// 同步 ID: d69ec8d2 @ Fri Jul 24 05:49:35 UTC 2026
// 同步 ID: c6ba2213 @ Fri Jul 24 08:35:09 UTC 2026
// 重构日志: 26d9d1ba
// 重构日志: 35e5f920
// 同步 ID: b45e246a @ Sat Jul 25 11:35:26 UTC 2026
// 重构日志: d95d49d2
// 重构日志: 1b02468b
// 同步 ID: 22a8298f @ Sat Jul 25 17:19:07 UTC 2026
// 同步 ID: 1013a571 @ Sun Jul 26 08:56:51 UTC 2026
// 重构日志: b46eb14c
// 重构日志: 837bd99b
// 重构日志: ef7c748c
// 重构日志: bed31bce
// 重构日志: 3fcfc6a3
// 重构日志: e616dbad
// 同步 ID: 13d4c338 @ Tue Jul 28 22:35:29 UTC 2026
// 同步 ID: d6211e1f @ Wed Jul 29 00:12:32 UTC 2026
// 重构日志: 3a1ee7e2
// 同步 ID: 167d3ae1 @ Wed Jul 29 14:09:37 UTC 2026
